LX51 LINKER/LOCATER V4.41                                                               02/05/2023  22:39:46  PAGE 1


LX51 LINKER/LOCATER V4.41, INVOKED BY:
C:\KEIL_V5\C51\BIN\LX51.EXE .\Objects\main.obj, .\Objects\Delay.obj, .\Objects\ADC0804.obj, .\Objects\LCD4.obj TO .\Obje
>> cts\main PRINT (.\Listings\main.map)


CPU MODE:     8051 MODE
MEMORY MODEL: SMALL WITH FLOATING POINT ARITHMETIC


INPUT MODULES INCLUDED:
  .\Objects\main.obj (MAIN)
         COMMENT TYPE 0: C51 V9.01
  .\Objects\Delay.obj (DELAY)
         COMMENT TYPE 0: C51 V9.01
  .\Objects\ADC0804.obj (ADC0804)
         COMMENT TYPE 0: C51 V9.01
  .\Objects\LCD4.obj (LCD4)
         COMMENT TYPE 0: C51 V9.01
  C:\KEIL_V5\C51\LIB\C51FPS.LIB (?C?FPMUL)
         COMMENT TYPE 1: A51 / ASM51 Assembler
  C:\KEIL_V5\C51\LIB\C51FPS.LIB (?C?FCAST)
         COMMENT TYPE 1: A51 / ASM51 Assembler
  C:\KEIL_V5\C51\LIB\C51FPS.LIB (?C?CASTF)
         COMMENT TYPE 1: A51 / ASM51 Assembler
  C:\KEIL_V5\C51\LIB\C51FPS.LIB (?C?FPGETOPN)
         COMMENT TYPE 1: A51 / ASM51 Assembler
  C:\KEIL_V5\C51\LIB\C51S.LIB (?C_STARTUP)
         COMMENT TYPE 1: A51 / ASM51 Assembler
  C:\KEIL_V5\C51\LIB\C51S.LIB (?C?CLDOPTR)
         COMMENT TYPE 1: A51 / ASM51 Assembler
  C:\KEIL_V5\C51\LIB\C51S.LIB (?C?LNEG)
         COMMENT TYPE 1: A51 / ASM51 Assembler


ACTIVE MEMORY CLASSES OF MODULE:  .\Objects\main (MAIN)

BASE        START       END         USED      MEMORY CLASS
==========================================================
C:000000H   C:000000H   C:00FFFFH   0003D3H   CODE
I:000000H   I:000000H   I:00007FH   000014H   DATA
I:000000H   I:000000H   I:0000FFH   000001H   IDATA


MEMORY MAP OF MODULE:  .\Objects\main (MAIN)


START     STOP      LENGTH    ALIGN  RELOC    MEMORY CLASS   SEGMENT NAME
=========================================================================

* * * * * * * * * * *   D A T A   M E M O R Y   * * * * * * * * * * * * *
000000H   000007H   000008H   ---    AT..     DATA           "REG BANK 0"
000008H   00000AH   000003H   BYTE   UNIT     DATA           ?DT?_LCD_OUT_CP?LCD4
00000BH   00000DH   000003H   BYTE   UNIT     DATA           ?DT?_LCD_OUT?LCD4
00000EH   000010H   000003H   BYTE   UNIT     DATA           ?DT?_LCD_CUSTOM_CHR?LCD4
000011H   000013H   000003H   BYTE   UNIT     DATA           _DATA_GROUP_
000014H   000014H   000001H   BYTE   UNIT     IDATA          ?STACK

* * * * * * * * * * *   C O D E   M E M O R Y   * * * * * * * * * * * * *
000000H   000002H   000003H   ---    OFFS..   CODE           ?CO??C_STARTUP?0
000003H   0007FFH   0007FDH   ---    ---      **GAP**
000800H   0009FFH   000200H   BYTE   UNIT     CODE           ?C?LIB_CODE
000A00H   000A5BH   00005CH   BYTE   UNIT     CODE           ?PR?LCD_INIT?LCD4
000A5CH   000AB2H   000057H   BYTE   UNIT     CODE           ?PR?MAIN?MAIN
000AB3H   000ADCH   00002AH   BYTE   UNIT     CODE           ?PR?_LCD_CUSTOM_CHR?LCD4
000ADDH   000AFCH   000020H   BYTE   UNIT     CODE           ?PR?_DELAY_MS?DELAY
000AFDH   000B1CH   000020H   BYTE   UNIT     CODE           ?PR?_LCD_CMD?LCD4
LX51 LINKER/LOCATER V4.41                                                             02/05/2023  22:39:46  PAGE 2


000B1DH   000B3CH   000020H   BYTE   UNIT     CODE           ?PR?_LCD_OUT_CP?LCD4
000B3DH   000B5BH   00001FH   BYTE   UNIT     CODE           ?PR?_LCD_OUT?LCD4
000B5CH   000B73H   000018H   BYTE   UNIT     CODE           ?PR?_LCD_WRITE_LOW_NIBBLE?LCD4
000B74H   000B8AH   000017H   BYTE   UNIT     CODE           ?PR?_LCD_CHR?LCD4
000B8BH   000B9CH   000012H   BYTE   UNIT     CODE           ?PR?_LCD_WRITE_HIGH_NIBBLE?LCD4
000B9DH   000BACH   000010H   BYTE   UNIT     CODE           ?PR?ADC0804_READ?ADC0804
000BADH   000BBCH   000010H   BYTE   UNIT     CODE           ?PR?_LCD_CHR_CP?LCD4
000BBDH   000BC8H   00000CH   BYTE   UNIT     CODE           ?C_C51STARTUP
000BC9H   000BCFH   000007H   BYTE   UNIT     CODE           ?PR?_LCD_DELAY_US?LCD4



OVERLAY MAP OF MODULE:   .\Objects\main (MAIN)


FUNCTION/MODULE                   BIT_GROUP   DATA_GROUP 
--> CALLED FUNCTION/MODULE       START  STOP  START  STOP
=========================================================
?C_C51STARTUP                    ----- -----  ----- -----
  +--> ?PR?MAIN?MAIN

MAIN/MAIN                        ----- -----  0011H 0012H
  +--> ?PR?LCD_INIT?LCD4
  +--> ?PR?ADC0804_READ?ADC0804
  +--> ?PR?_LCD_CHR?LCD4
  +--> ?PR?_LCD_CHR_CP?LCD4
  +--> ?PR?_DELAY_MS?DELAY

LCD_INIT/LCD4                    ----- -----  ----- -----
  +--> ?PR?_DELAY_MS?DELAY
  +--> ?PR?_LCD_WRITE_LOW_NIBBLE?LCD4
  +--> ?PR?_LCD_DELAY_US?LCD4
  +--> ?PR?_LCD_CMD?LCD4

_DELAY_MS/DELAY                  ----- -----  ----- -----

_LCD_WRITE_LOW_NIBBLE/LCD4       ----- -----  ----- -----
  +--> ?PR?_LCD_WRITE_HIGH_NIBBLE?LCD4

_LCD_WRITE_HIGH_NIBBLE/LCD4      ----- -----  ----- -----

_LCD_DELAY_US/LCD4               ----- -----  ----- -----

_LCD_CMD/LCD4                    ----- -----  ----- -----
  +--> ?PR?_LCD_WRITE_LOW_NIBBLE?LCD4
  +--> ?PR?_DELAY_MS?DELAY
  +--> ?PR?_LCD_DELAY_US?LCD4

ADC0804_READ/ADC0804             ----- -----  ----- -----

_LCD_CHR/LCD4                    ----- -----  0013H 0013H
  +--> ?PR?_LCD_CMD?LCD4
  +--> ?PR?_LCD_CHR_CP?LCD4

_LCD_CHR_CP/LCD4                 ----- -----  ----- -----
  +--> ?PR?_LCD_WRITE_LOW_NIBBLE?LCD4
  +--> ?PR?_LCD_DELAY_US?LCD4



PUBLIC SYMBOLS OF MODULE:  .\Objects\main (MAIN)


      VALUE       CLASS    TYPE      PUBLIC SYMBOL NAME
      =================================================
LX51 LINKER/LOCATER V4.41                                                             02/05/2023  22:39:46  PAGE 3


      01000944H   CODE     ---       ?C?CASTF
      010009C5H   CODE     ---       ?C?CLDOPTR
      00000000H   NUMBER   ---       ?C?CODESEG
      01000910H   CODE     ---       ?C?FCASTC
      0100090BH   CODE     ---       ?C?FCASTI
      01000906H   CODE     ---       ?C?FCASTL
      0100097BH   CODE     ---       ?C?FPGETOPN2
      01000800H   CODE     ---       ?C?FPMUL
      010009B0H   CODE     ---       ?C?FPNANRESULT
      010009BAH   CODE     ---       ?C?FPOVERFLOW
      01000992H   CODE     ---       ?C?FPRESULT
      010009A6H   CODE     ---       ?C?FPRESULT2
      010009B7H   CODE     ---       ?C?FPUNDERFLOW
      010009F2H   CODE     ---       ?C?LNEG
      00000000H   NUMBER   ---       ?C?XDATASEG
      01000A5CH   CODE     ---       ?C_START
      01000000H   CODE     ---       ?C_STARTUP
      01000ADDH   CODE     ---       _Delay_ms
      01000B74H   CODE     ---       _Lcd_Chr
      01000BADH   CODE     ---       _Lcd_Chr_Cp
      01000AFDH   CODE     ---       _Lcd_Cmd
      01000AB3H   CODE     ---       _Lcd_Custom_Chr
      01000BC9H   CODE     ---       _Lcd_Delay_us
      01000B3DH   CODE     ---       _Lcd_Out
      01000B1DH   CODE     ---       _Lcd_Out_Cp
      01000B8BH   CODE     ---       _Lcd_Write_High_Nibble
      01000B63H   CODE     ---       _Lcd_Write_Low_Nibble
*SFR* 000000D0H.6 DATA     BIT       AC
*SFR* 000000E0H   DATA     BYTE      ACC
*SFR* 000000B0H   DATA     BIT       ADC0804_CS
*SFR* 000000B0H.3 DATA     BIT       ADC0804_INTR
*SFR* 000000B0H.1 DATA     BIT       ADC0804_RD
      01000B9DH   CODE     ---       ADC0804_Read
*SFR* 000000B0H.2 DATA     BIT       ADC0804_WR
*SFR* 000000F0H   DATA     BYTE      B
*SFR* 000000C8H.1 DATA     BIT       C_T2
*SFR* 000000C8H   DATA     BIT       CP_RL2
*SFR* 000000D0H.7 DATA     BIT       CY
*SFR* 00000083H   DATA     BYTE      DPH
*SFR* 00000082H   DATA     BYTE      DPL
*SFR* 000000A8H.7 DATA     BIT       EA
*SFR* 000000A8H.4 DATA     BIT       ES
*SFR* 000000A8H.1 DATA     BIT       ET0
*SFR* 000000A8H.3 DATA     BIT       ET1
*SFR* 000000A8H.5 DATA     BIT       ET2
*SFR* 000000A8H   DATA     BIT       EX0
*SFR* 000000A8H.2 DATA     BIT       EX1
*SFR* 000000C8H.3 DATA     BIT       EXEN2
*SFR* 000000C8H.6 DATA     BIT       EXF2
*SFR* 000000D0H.5 DATA     BIT       F0
*SFR* 000000D0H.1 DATA     BIT       F1
*SFR* 000000A8H   DATA     BYTE      IE
*SFR* 00000088H.1 DATA     BIT       IE0
*SFR* 00000088H.3 DATA     BIT       IE1
*SFR* 000000B0H.2 DATA     BIT       INT0
*SFR* 000000B0H.3 DATA     BIT       INT1
*SFR* 000000B8H   DATA     BYTE      IP
*SFR* 00000088H   DATA     BIT       IT0
*SFR* 00000088H.2 DATA     BIT       IT1
*SFR* 00000080H.4 DATA     BIT       LCD_D4
*SFR* 00000080H.5 DATA     BIT       LCD_D5
*SFR* 00000080H.6 DATA     BIT       LCD_D6
*SFR* 00000080H.7 DATA     BIT       LCD_D7
*SFR* 00000080H.1 DATA     BIT       LCD_EN
      01000A00H   CODE     ---       Lcd_Init
LX51 LINKER/LOCATER V4.41                                                             02/05/2023  22:39:46  PAGE 4


*SFR* 00000080H   DATA     BIT       LCD_RS
      01000A5CH   CODE     ---       main
*SFR* 000000D0H.2 DATA     BIT       OV
*SFR* 000000D0H   DATA     BIT       P
*SFR* 00000080H   DATA     BYTE      P0
*SFR* 00000080H   DATA     BIT       P0_0
*SFR* 00000080H.1 DATA     BIT       P0_1
*SFR* 00000080H.2 DATA     BIT       P0_2
*SFR* 00000080H.3 DATA     BIT       P0_3
*SFR* 00000080H.4 DATA     BIT       P0_4
*SFR* 00000080H.5 DATA     BIT       P0_5
*SFR* 00000080H.6 DATA     BIT       P0_6
*SFR* 00000080H.7 DATA     BIT       P0_7
*SFR* 00000090H   DATA     BYTE      P1
*SFR* 00000090H   DATA     BIT       P1_0
*SFR* 00000090H.1 DATA     BIT       P1_1
*SFR* 00000090H.2 DATA     BIT       P1_2
*SFR* 00000090H.3 DATA     BIT       P1_3
*SFR* 00000090H.4 DATA     BIT       P1_4
*SFR* 00000090H.5 DATA     BIT       P1_5
*SFR* 00000090H.6 DATA     BIT       P1_6
*SFR* 00000090H.7 DATA     BIT       P1_7
*SFR* 000000A0H   DATA     BYTE      P2
*SFR* 000000A0H   DATA     BIT       P2_0
*SFR* 000000A0H.1 DATA     BIT       P2_1
*SFR* 000000A0H.2 DATA     BIT       P2_2
*SFR* 000000A0H.3 DATA     BIT       P2_3
*SFR* 000000A0H.4 DATA     BIT       P2_4
*SFR* 000000A0H.5 DATA     BIT       P2_5
*SFR* 000000A0H.6 DATA     BIT       P2_6
*SFR* 000000A0H.7 DATA     BIT       P2_7
*SFR* 000000B0H   DATA     BYTE      P3
*SFR* 000000B0H   DATA     BIT       P3_0
*SFR* 000000B0H.1 DATA     BIT       P3_1
*SFR* 000000B0H.2 DATA     BIT       P3_2
*SFR* 000000B0H.3 DATA     BIT       P3_3
*SFR* 000000B0H.4 DATA     BIT       P3_4
*SFR* 000000B0H.5 DATA     BIT       P3_5
*SFR* 000000B0H.6 DATA     BIT       P3_6
*SFR* 000000B0H.7 DATA     BIT       P3_7
*SFR* 00000087H   DATA     BYTE      PCON
*SFR* 000000B8H.4 DATA     BIT       PS
*SFR* 000000D0H   DATA     BYTE      PSW
*SFR* 000000B8H.1 DATA     BIT       PT0
*SFR* 000000B8H.3 DATA     BIT       PT1
*SFR* 000000B8H.5 DATA     BIT       PT2
*SFR* 000000B8H   DATA     BIT       PX0
*SFR* 000000B8H.2 DATA     BIT       PX1
*SFR* 00000098H.2 DATA     BIT       RB8
*SFR* 000000CBH   DATA     BYTE      RCAP2H
*SFR* 000000CAH   DATA     BYTE      RCAP2L
*SFR* 000000C8H.5 DATA     BIT       RCLK
*SFR* 000000B0H.7 DATA     BIT       RD
*SFR* 00000098H.4 DATA     BIT       REN
*SFR* 00000098H   DATA     BIT       RI
*SFR* 000000D0H.3 DATA     BIT       RS0
*SFR* 000000D0H.4 DATA     BIT       RS1
*SFR* 000000B0H   DATA     BIT       RXD
*SFR* 00000099H   DATA     BYTE      SBUF
*SFR* 00000098H   DATA     BYTE      SCON
*SFR* 00000098H.7 DATA     BIT       SM0
*SFR* 00000098H.6 DATA     BIT       SM1
*SFR* 00000098H.5 DATA     BIT       SM2
*SFR* 00000081H   DATA     BYTE      SP
*SFR* 000000B0H.4 DATA     BIT       T0
LX51 LINKER/LOCATER V4.41                                                             02/05/2023  22:39:46  PAGE 5


*SFR* 000000B0H.5 DATA     BIT       T1
*SFR* 00000090H   DATA     BIT       T2
*SFR* 000000C8H   DATA     BYTE      T2CON
*SFR* 00000090H.1 DATA     BIT       T2EX
*SFR* 000000C9H   DATA     BYTE      T2MOD
*SFR* 00000098H.3 DATA     BIT       TB8
*SFR* 000000C8H.4 DATA     BIT       TCLK
*SFR* 00000088H   DATA     BYTE      TCON
*SFR* 00000088H.5 DATA     BIT       TF0
*SFR* 00000088H.7 DATA     BIT       TF1
*SFR* 000000C8H.7 DATA     BIT       TF2
*SFR* 0000008CH   DATA     BYTE      TH0
*SFR* 0000008DH   DATA     BYTE      TH1
*SFR* 000000CDH   DATA     BYTE      TH2
*SFR* 00000098H.1 DATA     BIT       TI
*SFR* 0000008AH   DATA     BYTE      TL0
*SFR* 0000008BH   DATA     BYTE      TL1
*SFR* 000000CCH   DATA     BYTE      TL2
*SFR* 00000089H   DATA     BYTE      TMOD
*SFR* 00000088H.4 DATA     BIT       TR0
*SFR* 00000088H.6 DATA     BIT       TR1
*SFR* 000000C8H.2 DATA     BIT       TR2
*SFR* 000000B0H.1 DATA     BIT       TXD
*SFR* 000000B0H.6 DATA     BIT       WR



SYMBOL TABLE OF MODULE:  .\Objects\main (MAIN)

      VALUE       REP       CLASS    TYPE      SYMBOL NAME
      ====================================================
      ---         MODULE    ---      ---       MAIN
      01000A5CH   PUBLIC    CODE     ---       main
      00000080H   SFRSYM    DATA     BYTE      P0
      00000090H   SFRSYM    DATA     BYTE      P1
      000000A0H   SFRSYM    DATA     BYTE      P2
      000000B0H   SFRSYM    DATA     BYTE      P3
      000000D0H.6 SFRSYM    DATA     BIT       AC
      000000B0H.4 SFRSYM    DATA     BIT       T0
      000000B0H.5 SFRSYM    DATA     BIT       T1
      000000A8H.7 SFRSYM    DATA     BIT       EA
      00000090H   SFRSYM    DATA     BIT       T2
      000000B0H.1 SFRSYM    DATA     BIT       ADC0804_RD
      000000B0H   SFRSYM    DATA     BIT       ADC0804_CS
      000000A8H   SFRSYM    DATA     BYTE      IE
      00000080H   SFRSYM    DATA     BIT       P0_0
      00000090H   SFRSYM    DATA     BIT       P1_0
      00000080H.1 SFRSYM    DATA     BIT       P0_1
      000000A0H   SFRSYM    DATA     BIT       P2_0
      00000090H.1 SFRSYM    DATA     BIT       P1_1
      00000080H.2 SFRSYM    DATA     BIT       P0_2
      000000B0H   SFRSYM    DATA     BIT       P3_0
      000000A0H.1 SFRSYM    DATA     BIT       P2_1
      00000090H.2 SFRSYM    DATA     BIT       P1_2
      00000080H.3 SFRSYM    DATA     BIT       P0_3
      000000B0H.1 SFRSYM    DATA     BIT       P3_1
      000000A0H.2 SFRSYM    DATA     BIT       P2_2
      00000090H.3 SFRSYM    DATA     BIT       P1_3
      00000080H.4 SFRSYM    DATA     BIT       P0_4
      000000B0H.2 SFRSYM    DATA     BIT       P3_2
      000000A0H.3 SFRSYM    DATA     BIT       P2_3
      00000090H.4 SFRSYM    DATA     BIT       P1_4
      00000080H.5 SFRSYM    DATA     BIT       P0_5
      000000C8H.6 SFRSYM    DATA     BIT       EXF2
      000000B0H.7 SFRSYM    DATA     BIT       RD
LX51 LINKER/LOCATER V4.41                                                             02/05/2023  22:39:46  PAGE 6


      000000B0H.3 SFRSYM    DATA     BIT       P3_3
      000000A0H.4 SFRSYM    DATA     BIT       P2_4
      00000090H.5 SFRSYM    DATA     BIT       P1_5
      00000080H.6 SFRSYM    DATA     BIT       P0_6
      000000B0H.4 SFRSYM    DATA     BIT       P3_4
      000000A0H.5 SFRSYM    DATA     BIT       P2_5
      00000090H.6 SFRSYM    DATA     BIT       P1_6
      00000080H.7 SFRSYM    DATA     BIT       P0_7
      000000B0H.5 SFRSYM    DATA     BIT       P3_5
      000000A8H.4 SFRSYM    DATA     BIT       ES
      000000A0H.6 SFRSYM    DATA     BIT       P2_6
      00000090H.7 SFRSYM    DATA     BIT       P1_7
      000000B0H.6 SFRSYM    DATA     BIT       P3_6
      000000A0H.7 SFRSYM    DATA     BIT       P2_7
      000000B8H   SFRSYM    DATA     BYTE      IP
      000000B0H.7 SFRSYM    DATA     BIT       P3_7
      00000098H   SFRSYM    DATA     BIT       RI
      000000D0H.7 SFRSYM    DATA     BIT       CY
      000000B0H.2 SFRSYM    DATA     BIT       INT0
      000000B0H.3 SFRSYM    DATA     BIT       INT1
      00000098H.1 SFRSYM    DATA     BIT       TI
      000000B0H.2 SFRSYM    DATA     BIT       ADC0804_WR
      000000CBH   SFRSYM    DATA     BYTE      RCAP2H
      000000B8H.4 SFRSYM    DATA     BIT       PS
      00000081H   SFRSYM    DATA     BYTE      SP
      00000090H.1 SFRSYM    DATA     BIT       T2EX
      000000D0H.2 SFRSYM    DATA     BIT       OV
      000000CAH   SFRSYM    DATA     BYTE      RCAP2L
      000000C8H.1 SFRSYM    DATA     BIT       C_T2
      000000B0H.6 SFRSYM    DATA     BIT       WR
      00000080H.4 SFRSYM    DATA     BIT       LCD_D4
      00000080H.5 SFRSYM    DATA     BIT       LCD_D5
      000000C8H.5 SFRSYM    DATA     BIT       RCLK
      00000080H.6 SFRSYM    DATA     BIT       LCD_D6
      00000080H.7 SFRSYM    DATA     BIT       LCD_D7
      000000C8H.4 SFRSYM    DATA     BIT       TCLK
      00000099H   SFRSYM    DATA     BYTE      SBUF
      00000087H   SFRSYM    DATA     BYTE      PCON
      00000098H   SFRSYM    DATA     BYTE      SCON
      000000B0H.3 SFRSYM    DATA     BIT       ADC0804_INTR
      00000089H   SFRSYM    DATA     BYTE      TMOD
      00000088H   SFRSYM    DATA     BYTE      TCON
      00000088H.1 SFRSYM    DATA     BIT       IE0
      00000088H.3 SFRSYM    DATA     BIT       IE1
      000000F0H   SFRSYM    DATA     BYTE      B
      000000C8H   SFRSYM    DATA     BIT       CP_RL2
      00000080H.1 SFRSYM    DATA     BIT       LCD_EN
      000000E0H   SFRSYM    DATA     BYTE      ACC
      000000A8H.1 SFRSYM    DATA     BIT       ET0
      000000A8H.3 SFRSYM    DATA     BIT       ET1
      00000088H.5 SFRSYM    DATA     BIT       TF0
      000000A8H.5 SFRSYM    DATA     BIT       ET2
      00000088H.7 SFRSYM    DATA     BIT       TF1
      000000C8H.7 SFRSYM    DATA     BIT       TF2
      00000098H.2 SFRSYM    DATA     BIT       RB8
      0000008CH   SFRSYM    DATA     BYTE      TH0
      000000A8H   SFRSYM    DATA     BIT       EX0
      00000088H   SFRSYM    DATA     BIT       IT0
      0000008DH   SFRSYM    DATA     BYTE      TH1
      000000A8H.2 SFRSYM    DATA     BIT       EX1
      00000098H.3 SFRSYM    DATA     BIT       TB8
      00000088H.2 SFRSYM    DATA     BIT       IT1
      000000CDH   SFRSYM    DATA     BYTE      TH2
      000000D0H   SFRSYM    DATA     BIT       P
      00000098H.7 SFRSYM    DATA     BIT       SM0
LX51 LINKER/LOCATER V4.41                                                             02/05/2023  22:39:46  PAGE 7


      0000008AH   SFRSYM    DATA     BYTE      TL0
      00000098H.6 SFRSYM    DATA     BIT       SM1
      0000008BH   SFRSYM    DATA     BYTE      TL1
      00000098H.5 SFRSYM    DATA     BIT       SM2
      000000CCH   SFRSYM    DATA     BYTE      TL2
      000000B8H.1 SFRSYM    DATA     BIT       PT0
      000000D0H.3 SFRSYM    DATA     BIT       RS0
      000000B8H.3 SFRSYM    DATA     BIT       PT1
      000000D0H.4 SFRSYM    DATA     BIT       RS1
      000000B8H.5 SFRSYM    DATA     BIT       PT2
      00000088H.4 SFRSYM    DATA     BIT       TR0
      00000088H.6 SFRSYM    DATA     BIT       TR1
      000000C8H.2 SFRSYM    DATA     BIT       TR2
      000000B8H   SFRSYM    DATA     BIT       PX0
      00000080H   SFRSYM    DATA     BIT       LCD_RS
      000000B8H.2 SFRSYM    DATA     BIT       PX1
      00000083H   SFRSYM    DATA     BYTE      DPH
      00000082H   SFRSYM    DATA     BYTE      DPL
      000000C8H.3 SFRSYM    DATA     BIT       EXEN2
      00000098H.4 SFRSYM    DATA     BIT       REN
      000000C9H   SFRSYM    DATA     BYTE      T2MOD
      000000C8H   SFRSYM    DATA     BYTE      T2CON
      000000B0H   SFRSYM    DATA     BIT       RXD
      000000B0H.1 SFRSYM    DATA     BIT       TXD
      000000D0H.5 SFRSYM    DATA     BIT       F0
      000000D0H.1 SFRSYM    DATA     BIT       F1
      000000D0H   SFRSYM    DATA     BYTE      PSW

      01000A5CH   BLOCK     CODE     ---       LVL=0
      01000A5CH   BLOCK     CODE     NEAR LAB  LVL=1
      00000011H   SYMBOL    DATA     BYTE      t
      00000012H   SYMBOL    DATA     BYTE      D
      ---         BLOCKEND  ---      ---       LVL=1
      01000A5CH   LINE      CODE     ---       #9
      01000A5CH   LINE      CODE     ---       #10
      01000A5CH   LINE      CODE     ---       #12
      01000A5FH   LINE      CODE     ---       #14
      01000A5FH   LINE      CODE     ---       #15
      01000A5FH   LINE      CODE     ---       #16
      01000A64H   LINE      CODE     ---       #17
      01000A7AH   LINE      CODE     ---       #19
      01000A8AH   LINE      CODE     ---       #20
      01000A9CH   LINE      CODE     ---       #21
      01000AAAH   LINE      CODE     ---       #22
      01000AB1H   LINE      CODE     ---       #23
      ---         BLOCKEND  ---      ---       LVL=0

      ---         MODULE    ---      ---       DELAY
      01000ADDH   PUBLIC    CODE     ---       _Delay_ms
      00000080H   SFRSYM    DATA     BYTE      P0
      00000090H   SFRSYM    DATA     BYTE      P1
      000000A0H   SFRSYM    DATA     BYTE      P2
      000000B0H   SFRSYM    DATA     BYTE      P3
      000000D0H.6 SFRSYM    DATA     BIT       AC
      000000B0H.4 SFRSYM    DATA     BIT       T0
      000000B0H.5 SFRSYM    DATA     BIT       T1
      000000A8H.7 SFRSYM    DATA     BIT       EA
      00000090H   SFRSYM    DATA     BIT       T2
      000000A8H   SFRSYM    DATA     BYTE      IE
      00000080H   SFRSYM    DATA     BIT       P0_0
      00000090H   SFRSYM    DATA     BIT       P1_0
      00000080H.1 SFRSYM    DATA     BIT       P0_1
      000000A0H   SFRSYM    DATA     BIT       P2_0
      00000090H.1 SFRSYM    DATA     BIT       P1_1
      00000080H.2 SFRSYM    DATA     BIT       P0_2
LX51 LINKER/LOCATER V4.41                                                             02/05/2023  22:39:46  PAGE 8


      000000B0H   SFRSYM    DATA     BIT       P3_0
      000000A0H.1 SFRSYM    DATA     BIT       P2_1
      00000090H.2 SFRSYM    DATA     BIT       P1_2
      00000080H.3 SFRSYM    DATA     BIT       P0_3
      000000B0H.1 SFRSYM    DATA     BIT       P3_1
      000000A0H.2 SFRSYM    DATA     BIT       P2_2
      00000090H.3 SFRSYM    DATA     BIT       P1_3
      00000080H.4 SFRSYM    DATA     BIT       P0_4
      000000B0H.2 SFRSYM    DATA     BIT       P3_2
      000000A0H.3 SFRSYM    DATA     BIT       P2_3
      00000090H.4 SFRSYM    DATA     BIT       P1_4
      00000080H.5 SFRSYM    DATA     BIT       P0_5
      000000C8H.6 SFRSYM    DATA     BIT       EXF2
      000000B0H.7 SFRSYM    DATA     BIT       RD
      000000B0H.3 SFRSYM    DATA     BIT       P3_3
      000000A0H.4 SFRSYM    DATA     BIT       P2_4
      00000090H.5 SFRSYM    DATA     BIT       P1_5
      00000080H.6 SFRSYM    DATA     BIT       P0_6
      000000B0H.4 SFRSYM    DATA     BIT       P3_4
      000000A0H.5 SFRSYM    DATA     BIT       P2_5
      00000090H.6 SFRSYM    DATA     BIT       P1_6
      00000080H.7 SFRSYM    DATA     BIT       P0_7
      000000B0H.5 SFRSYM    DATA     BIT       P3_5
      000000A8H.4 SFRSYM    DATA     BIT       ES
      000000A0H.6 SFRSYM    DATA     BIT       P2_6
      00000090H.7 SFRSYM    DATA     BIT       P1_7
      000000B0H.6 SFRSYM    DATA     BIT       P3_6
      000000A0H.7 SFRSYM    DATA     BIT       P2_7
      000000B8H   SFRSYM    DATA     BYTE      IP
      000000B0H.7 SFRSYM    DATA     BIT       P3_7
      00000098H   SFRSYM    DATA     BIT       RI
      000000D0H.7 SFRSYM    DATA     BIT       CY
      000000B0H.2 SFRSYM    DATA     BIT       INT0
      000000B0H.3 SFRSYM    DATA     BIT       INT1
      00000098H.1 SFRSYM    DATA     BIT       TI
      000000CBH   SFRSYM    DATA     BYTE      RCAP2H
      000000B8H.4 SFRSYM    DATA     BIT       PS
      00000081H   SFRSYM    DATA     BYTE      SP
      00000090H.1 SFRSYM    DATA     BIT       T2EX
      000000D0H.2 SFRSYM    DATA     BIT       OV
      000000CAH   SFRSYM    DATA     BYTE      RCAP2L
      000000C8H.1 SFRSYM    DATA     BIT       C_T2
      000000B0H.6 SFRSYM    DATA     BIT       WR
      000000C8H.5 SFRSYM    DATA     BIT       RCLK
      000000C8H.4 SFRSYM    DATA     BIT       TCLK
      00000099H   SFRSYM    DATA     BYTE      SBUF
      00000087H   SFRSYM    DATA     BYTE      PCON
      00000098H   SFRSYM    DATA     BYTE      SCON
      00000089H   SFRSYM    DATA     BYTE      TMOD
      00000088H   SFRSYM    DATA     BYTE      TCON
      00000088H.1 SFRSYM    DATA     BIT       IE0
      00000088H.3 SFRSYM    DATA     BIT       IE1
      000000F0H   SFRSYM    DATA     BYTE      B
      000000C8H   SFRSYM    DATA     BIT       CP_RL2
      000000E0H   SFRSYM    DATA     BYTE      ACC
      000000A8H.1 SFRSYM    DATA     BIT       ET0
      000000A8H.3 SFRSYM    DATA     BIT       ET1
      00000088H.5 SFRSYM    DATA     BIT       TF0
      000000A8H.5 SFRSYM    DATA     BIT       ET2
      00000088H.7 SFRSYM    DATA     BIT       TF1
      000000C8H.7 SFRSYM    DATA     BIT       TF2
      00000098H.2 SFRSYM    DATA     BIT       RB8
      0000008CH   SFRSYM    DATA     BYTE      TH0
      000000A8H   SFRSYM    DATA     BIT       EX0
      00000088H   SFRSYM    DATA     BIT       IT0
LX51 LINKER/LOCATER V4.41                                                             02/05/2023  22:39:46  PAGE 9


      0000008DH   SFRSYM    DATA     BYTE      TH1
      000000A8H.2 SFRSYM    DATA     BIT       EX1
      00000098H.3 SFRSYM    DATA     BIT       TB8
      00000088H.2 SFRSYM    DATA     BIT       IT1
      000000CDH   SFRSYM    DATA     BYTE      TH2
      000000D0H   SFRSYM    DATA     BIT       P
      00000098H.7 SFRSYM    DATA     BIT       SM0
      0000008AH   SFRSYM    DATA     BYTE      TL0
      00000098H.6 SFRSYM    DATA     BIT       SM1
      0000008BH   SFRSYM    DATA     BYTE      TL1
      00000098H.5 SFRSYM    DATA     BIT       SM2
      000000CCH   SFRSYM    DATA     BYTE      TL2
      000000B8H.1 SFRSYM    DATA     BIT       PT0
      000000D0H.3 SFRSYM    DATA     BIT       RS0
      000000B8H.3 SFRSYM    DATA     BIT       PT1
      000000D0H.4 SFRSYM    DATA     BIT       RS1
      000000B8H.5 SFRSYM    DATA     BIT       PT2
      00000088H.4 SFRSYM    DATA     BIT       TR0
      00000088H.6 SFRSYM    DATA     BIT       TR1
      000000C8H.2 SFRSYM    DATA     BIT       TR2
      000000B8H   SFRSYM    DATA     BIT       PX0
      000000B8H.2 SFRSYM    DATA     BIT       PX1
      00000083H   SFRSYM    DATA     BYTE      DPH
      00000082H   SFRSYM    DATA     BYTE      DPL
      000000C8H.3 SFRSYM    DATA     BIT       EXEN2
      00000098H.4 SFRSYM    DATA     BIT       REN
      000000C9H   SFRSYM    DATA     BYTE      T2MOD
      000000C8H   SFRSYM    DATA     BYTE      T2CON
      000000B0H   SFRSYM    DATA     BIT       RXD
      000000B0H.1 SFRSYM    DATA     BIT       TXD
      000000D0H.5 SFRSYM    DATA     BIT       F0
      000000D0H.1 SFRSYM    DATA     BIT       F1
      000000D0H   SFRSYM    DATA     BYTE      PSW

      01000ADDH   BLOCK     CODE     ---       LVL=0
      00000006H   SYMBOL    DATA     WORD      t
      01000ADDH   BLOCK     CODE     NEAR LAB  LVL=1
      00000004H   SYMBOL    DATA     WORD      x
      00000002H   SYMBOL    DATA     WORD      y
      ---         BLOCKEND  ---      ---       LVL=1
      01000ADDH   LINE      CODE     ---       #5
      01000ADDH   LINE      CODE     ---       #6
      01000ADDH   LINE      CODE     ---       #8
      01000AE7H   LINE      CODE     ---       #9
      01000AE7H   LINE      CODE     ---       #10
      01000AF5H   LINE      CODE     ---       #11
      01000AFCH   LINE      CODE     ---       #12
      ---         BLOCKEND  ---      ---       LVL=0

      ---         MODULE    ---      ---       ADC0804
      01000B9DH   PUBLIC    CODE     ---       ADC0804_Read
      00000080H   SFRSYM    DATA     BYTE      P0
      00000090H   SFRSYM    DATA     BYTE      P1
      000000A0H   SFRSYM    DATA     BYTE      P2
      000000B0H   SFRSYM    DATA     BYTE      P3
      000000D0H.6 SFRSYM    DATA     BIT       AC
      000000B0H.4 SFRSYM    DATA     BIT       T0
      000000B0H.5 SFRSYM    DATA     BIT       T1
      000000A8H.7 SFRSYM    DATA     BIT       EA
      00000090H   SFRSYM    DATA     BIT       T2
      000000B0H.1 SFRSYM    DATA     BIT       ADC0804_RD
      000000B0H   SFRSYM    DATA     BIT       ADC0804_CS
      000000A8H   SFRSYM    DATA     BYTE      IE
      00000080H   SFRSYM    DATA     BIT       P0_0
      00000090H   SFRSYM    DATA     BIT       P1_0
LX51 LINKER/LOCATER V4.41                                                             02/05/2023  22:39:46  PAGE 10


      00000080H.1 SFRSYM    DATA     BIT       P0_1
      000000A0H   SFRSYM    DATA     BIT       P2_0
      00000090H.1 SFRSYM    DATA     BIT       P1_1
      00000080H.2 SFRSYM    DATA     BIT       P0_2
      000000B0H   SFRSYM    DATA     BIT       P3_0
      000000A0H.1 SFRSYM    DATA     BIT       P2_1
      00000090H.2 SFRSYM    DATA     BIT       P1_2
      00000080H.3 SFRSYM    DATA     BIT       P0_3
      000000B0H.1 SFRSYM    DATA     BIT       P3_1
      000000A0H.2 SFRSYM    DATA     BIT       P2_2
      00000090H.3 SFRSYM    DATA     BIT       P1_3
      00000080H.4 SFRSYM    DATA     BIT       P0_4
      000000B0H.2 SFRSYM    DATA     BIT       P3_2
      000000A0H.3 SFRSYM    DATA     BIT       P2_3
      00000090H.4 SFRSYM    DATA     BIT       P1_4
      00000080H.5 SFRSYM    DATA     BIT       P0_5
      000000C8H.6 SFRSYM    DATA     BIT       EXF2
      000000B0H.7 SFRSYM    DATA     BIT       RD
      000000B0H.3 SFRSYM    DATA     BIT       P3_3
      000000A0H.4 SFRSYM    DATA     BIT       P2_4
      00000090H.5 SFRSYM    DATA     BIT       P1_5
      00000080H.6 SFRSYM    DATA     BIT       P0_6
      000000B0H.4 SFRSYM    DATA     BIT       P3_4
      000000A0H.5 SFRSYM    DATA     BIT       P2_5
      00000090H.6 SFRSYM    DATA     BIT       P1_6
      00000080H.7 SFRSYM    DATA     BIT       P0_7
      000000B0H.5 SFRSYM    DATA     BIT       P3_5
      000000A8H.4 SFRSYM    DATA     BIT       ES
      000000A0H.6 SFRSYM    DATA     BIT       P2_6
      00000090H.7 SFRSYM    DATA     BIT       P1_7
      000000B0H.6 SFRSYM    DATA     BIT       P3_6
      000000A0H.7 SFRSYM    DATA     BIT       P2_7
      000000B8H   SFRSYM    DATA     BYTE      IP
      000000B0H.7 SFRSYM    DATA     BIT       P3_7
      00000098H   SFRSYM    DATA     BIT       RI
      000000D0H.7 SFRSYM    DATA     BIT       CY
      000000B0H.2 SFRSYM    DATA     BIT       INT0
      000000B0H.3 SFRSYM    DATA     BIT       INT1
      00000098H.1 SFRSYM    DATA     BIT       TI
      000000B0H.2 SFRSYM    DATA     BIT       ADC0804_WR
      000000CBH   SFRSYM    DATA     BYTE      RCAP2H
      000000B8H.4 SFRSYM    DATA     BIT       PS
      00000081H   SFRSYM    DATA     BYTE      SP
      00000090H.1 SFRSYM    DATA     BIT       T2EX
      000000D0H.2 SFRSYM    DATA     BIT       OV
      000000CAH   SFRSYM    DATA     BYTE      RCAP2L
      000000C8H.1 SFRSYM    DATA     BIT       C_T2
      000000B0H.6 SFRSYM    DATA     BIT       WR
      00000080H.4 SFRSYM    DATA     BIT       LCD_D4
      00000080H.5 SFRSYM    DATA     BIT       LCD_D5
      000000C8H.5 SFRSYM    DATA     BIT       RCLK
      00000080H.6 SFRSYM    DATA     BIT       LCD_D6
      00000080H.7 SFRSYM    DATA     BIT       LCD_D7
      000000C8H.4 SFRSYM    DATA     BIT       TCLK
      00000099H   SFRSYM    DATA     BYTE      SBUF
      00000087H   SFRSYM    DATA     BYTE      PCON
      00000098H   SFRSYM    DATA     BYTE      SCON
      000000B0H.3 SFRSYM    DATA     BIT       ADC0804_INTR
      00000089H   SFRSYM    DATA     BYTE      TMOD
      00000088H   SFRSYM    DATA     BYTE      TCON
      00000088H.1 SFRSYM    DATA     BIT       IE0
      00000088H.3 SFRSYM    DATA     BIT       IE1
      000000F0H   SFRSYM    DATA     BYTE      B
      000000C8H   SFRSYM    DATA     BIT       CP_RL2
      00000080H.1 SFRSYM    DATA     BIT       LCD_EN
LX51 LINKER/LOCATER V4.41                                                             02/05/2023  22:39:46  PAGE 11


      000000E0H   SFRSYM    DATA     BYTE      ACC
      000000A8H.1 SFRSYM    DATA     BIT       ET0
      000000A8H.3 SFRSYM    DATA     BIT       ET1
      00000088H.5 SFRSYM    DATA     BIT       TF0
      000000A8H.5 SFRSYM    DATA     BIT       ET2
      00000088H.7 SFRSYM    DATA     BIT       TF1
      000000C8H.7 SFRSYM    DATA     BIT       TF2
      00000098H.2 SFRSYM    DATA     BIT       RB8
      0000008CH   SFRSYM    DATA     BYTE      TH0
      000000A8H   SFRSYM    DATA     BIT       EX0
      00000088H   SFRSYM    DATA     BIT       IT0
      0000008DH   SFRSYM    DATA     BYTE      TH1
      000000A8H.2 SFRSYM    DATA     BIT       EX1
      00000098H.3 SFRSYM    DATA     BIT       TB8
      00000088H.2 SFRSYM    DATA     BIT       IT1
      000000CDH   SFRSYM    DATA     BYTE      TH2
      000000D0H   SFRSYM    DATA     BIT       P
      00000098H.7 SFRSYM    DATA     BIT       SM0
      0000008AH   SFRSYM    DATA     BYTE      TL0
      00000098H.6 SFRSYM    DATA     BIT       SM1
      0000008BH   SFRSYM    DATA     BYTE      TL1
      00000098H.5 SFRSYM    DATA     BIT       SM2
      000000CCH   SFRSYM    DATA     BYTE      TL2
      000000B8H.1 SFRSYM    DATA     BIT       PT0
      000000D0H.3 SFRSYM    DATA     BIT       RS0
      000000B8H.3 SFRSYM    DATA     BIT       PT1
      000000D0H.4 SFRSYM    DATA     BIT       RS1
      000000B8H.5 SFRSYM    DATA     BIT       PT2
      00000088H.4 SFRSYM    DATA     BIT       TR0
      00000088H.6 SFRSYM    DATA     BIT       TR1
      000000C8H.2 SFRSYM    DATA     BIT       TR2
      000000B8H   SFRSYM    DATA     BIT       PX0
      00000080H   SFRSYM    DATA     BIT       LCD_RS
      000000B8H.2 SFRSYM    DATA     BIT       PX1
      00000083H   SFRSYM    DATA     BYTE      DPH
      00000082H   SFRSYM    DATA     BYTE      DPL
      000000C8H.3 SFRSYM    DATA     BIT       EXEN2
      00000098H.4 SFRSYM    DATA     BIT       REN
      000000C9H   SFRSYM    DATA     BYTE      T2MOD
      000000C8H   SFRSYM    DATA     BYTE      T2CON
      000000B0H   SFRSYM    DATA     BIT       RXD
      000000B0H.1 SFRSYM    DATA     BIT       TXD
      000000D0H.5 SFRSYM    DATA     BIT       F0
      000000D0H.1 SFRSYM    DATA     BIT       F1
      000000D0H   SFRSYM    DATA     BYTE      PSW

      01000B9DH   BLOCK     CODE     ---       LVL=0
      01000B9DH   BLOCK     CODE     NEAR LAB  LVL=1
      00000007H   SYMBOL    DATA     BYTE      kq
      ---         BLOCKEND  ---      ---       LVL=1
      01000B9DH   LINE      CODE     ---       #5
      01000B9DH   LINE      CODE     ---       #6
      01000B9DH   LINE      CODE     ---       #9
      01000B9FH   LINE      CODE     ---       #12
      01000BA1H   LINE      CODE     ---       #13
      01000BA3H   LINE      CODE     ---       #16
      01000BA6H   LINE      CODE     ---       #18
      01000BA8H   LINE      CODE     ---       #19
      01000BAAH   LINE      CODE     ---       #20
      01000BACH   LINE      CODE     ---       #22
      01000BACH   LINE      CODE     ---       #23
      ---         BLOCKEND  ---      ---       LVL=0

      ---         MODULE    ---      ---       LCD4
      01000AB3H   PUBLIC    CODE     ---       _Lcd_Custom_Chr
LX51 LINKER/LOCATER V4.41                                                             02/05/2023  22:39:46  PAGE 12


      01000B3DH   PUBLIC    CODE     ---       _Lcd_Out
      01000B1DH   PUBLIC    CODE     ---       _Lcd_Out_Cp
      01000B74H   PUBLIC    CODE     ---       _Lcd_Chr
      01000BADH   PUBLIC    CODE     ---       _Lcd_Chr_Cp
      01000AFDH   PUBLIC    CODE     ---       _Lcd_Cmd
      01000A00H   PUBLIC    CODE     ---       Lcd_Init
      01000BC9H   PUBLIC    CODE     ---       _Lcd_Delay_us
      01000B63H   PUBLIC    CODE     ---       _Lcd_Write_Low_Nibble
      01000B8BH   PUBLIC    CODE     ---       _Lcd_Write_High_Nibble
      00000080H   SFRSYM    DATA     BYTE      P0
      00000090H   SFRSYM    DATA     BYTE      P1
      000000A0H   SFRSYM    DATA     BYTE      P2
      000000B0H   SFRSYM    DATA     BYTE      P3
      000000D0H.6 SFRSYM    DATA     BIT       AC
      000000B0H.4 SFRSYM    DATA     BIT       T0
      000000B0H.5 SFRSYM    DATA     BIT       T1
      000000A8H.7 SFRSYM    DATA     BIT       EA
      00000090H   SFRSYM    DATA     BIT       T2
      000000B0H.1 SFRSYM    DATA     BIT       ADC0804_RD
      000000B0H   SFRSYM    DATA     BIT       ADC0804_CS
      000000A8H   SFRSYM    DATA     BYTE      IE
      00000080H   SFRSYM    DATA     BIT       P0_0
      00000090H   SFRSYM    DATA     BIT       P1_0
      00000080H.1 SFRSYM    DATA     BIT       P0_1
      000000A0H   SFRSYM    DATA     BIT       P2_0
      00000090H.1 SFRSYM    DATA     BIT       P1_1
      00000080H.2 SFRSYM    DATA     BIT       P0_2
      000000B0H   SFRSYM    DATA     BIT       P3_0
      000000A0H.1 SFRSYM    DATA     BIT       P2_1
      00000090H.2 SFRSYM    DATA     BIT       P1_2
      00000080H.3 SFRSYM    DATA     BIT       P0_3
      000000B0H.1 SFRSYM    DATA     BIT       P3_1
      000000A0H.2 SFRSYM    DATA     BIT       P2_2
      00000090H.3 SFRSYM    DATA     BIT       P1_3
      00000080H.4 SFRSYM    DATA     BIT       P0_4
      000000B0H.2 SFRSYM    DATA     BIT       P3_2
      000000A0H.3 SFRSYM    DATA     BIT       P2_3
      00000090H.4 SFRSYM    DATA     BIT       P1_4
      00000080H.5 SFRSYM    DATA     BIT       P0_5
      000000C8H.6 SFRSYM    DATA     BIT       EXF2
      000000B0H.7 SFRSYM    DATA     BIT       RD
      000000B0H.3 SFRSYM    DATA     BIT       P3_3
      000000A0H.4 SFRSYM    DATA     BIT       P2_4
      00000090H.5 SFRSYM    DATA     BIT       P1_5
      00000080H.6 SFRSYM    DATA     BIT       P0_6
      000000B0H.4 SFRSYM    DATA     BIT       P3_4
      000000A0H.5 SFRSYM    DATA     BIT       P2_5
      00000090H.6 SFRSYM    DATA     BIT       P1_6
      00000080H.7 SFRSYM    DATA     BIT       P0_7
      000000B0H.5 SFRSYM    DATA     BIT       P3_5
      000000A8H.4 SFRSYM    DATA     BIT       ES
      000000A0H.6 SFRSYM    DATA     BIT       P2_6
      00000090H.7 SFRSYM    DATA     BIT       P1_7
      000000B0H.6 SFRSYM    DATA     BIT       P3_6
      000000A0H.7 SFRSYM    DATA     BIT       P2_7
      000000B8H   SFRSYM    DATA     BYTE      IP
      000000B0H.7 SFRSYM    DATA     BIT       P3_7
      00000098H   SFRSYM    DATA     BIT       RI
      000000D0H.7 SFRSYM    DATA     BIT       CY
      000000B0H.2 SFRSYM    DATA     BIT       INT0
      000000B0H.3 SFRSYM    DATA     BIT       INT1
      00000098H.1 SFRSYM    DATA     BIT       TI
      000000B0H.2 SFRSYM    DATA     BIT       ADC0804_WR
      000000CBH   SFRSYM    DATA     BYTE      RCAP2H
      000000B8H.4 SFRSYM    DATA     BIT       PS
LX51 LINKER/LOCATER V4.41                                                             02/05/2023  22:39:46  PAGE 13


      00000081H   SFRSYM    DATA     BYTE      SP
      00000090H.1 SFRSYM    DATA     BIT       T2EX
      000000D0H.2 SFRSYM    DATA     BIT       OV
      000000CAH   SFRSYM    DATA     BYTE      RCAP2L
      000000C8H.1 SFRSYM    DATA     BIT       C_T2
      000000B0H.6 SFRSYM    DATA     BIT       WR
      00000080H.4 SFRSYM    DATA     BIT       LCD_D4
      00000080H.5 SFRSYM    DATA     BIT       LCD_D5
      000000C8H.5 SFRSYM    DATA     BIT       RCLK
      00000080H.6 SFRSYM    DATA     BIT       LCD_D6
      00000080H.7 SFRSYM    DATA     BIT       LCD_D7
      000000C8H.4 SFRSYM    DATA     BIT       TCLK
      00000099H   SFRSYM    DATA     BYTE      SBUF
      00000087H   SFRSYM    DATA     BYTE      PCON
      00000098H   SFRSYM    DATA     BYTE      SCON
      000000B0H.3 SFRSYM    DATA     BIT       ADC0804_INTR
      00000089H   SFRSYM    DATA     BYTE      TMOD
      00000088H   SFRSYM    DATA     BYTE      TCON
      00000088H.1 SFRSYM    DATA     BIT       IE0
      00000088H.3 SFRSYM    DATA     BIT       IE1
      000000F0H   SFRSYM    DATA     BYTE      B
      000000C8H   SFRSYM    DATA     BIT       CP_RL2
      00000080H.1 SFRSYM    DATA     BIT       LCD_EN
      000000E0H   SFRSYM    DATA     BYTE      ACC
      000000A8H.1 SFRSYM    DATA     BIT       ET0
      000000A8H.3 SFRSYM    DATA     BIT       ET1
      00000088H.5 SFRSYM    DATA     BIT       TF0
      000000A8H.5 SFRSYM    DATA     BIT       ET2
      00000088H.7 SFRSYM    DATA     BIT       TF1
      000000C8H.7 SFRSYM    DATA     BIT       TF2
      00000098H.2 SFRSYM    DATA     BIT       RB8
      0000008CH   SFRSYM    DATA     BYTE      TH0
      000000A8H   SFRSYM    DATA     BIT       EX0
      00000088H   SFRSYM    DATA     BIT       IT0
      0000008DH   SFRSYM    DATA     BYTE      TH1
      000000A8H.2 SFRSYM    DATA     BIT       EX1
      00000098H.3 SFRSYM    DATA     BIT       TB8
      00000088H.2 SFRSYM    DATA     BIT       IT1
      000000CDH   SFRSYM    DATA     BYTE      TH2
      000000D0H   SFRSYM    DATA     BIT       P
      00000098H.7 SFRSYM    DATA     BIT       SM0
      0000008AH   SFRSYM    DATA     BYTE      TL0
      00000098H.6 SFRSYM    DATA     BIT       SM1
      0000008BH   SFRSYM    DATA     BYTE      TL1
      00000098H.5 SFRSYM    DATA     BIT       SM2
      000000CCH   SFRSYM    DATA     BYTE      TL2
      000000B8H.1 SFRSYM    DATA     BIT       PT0
      000000D0H.3 SFRSYM    DATA     BIT       RS0
      000000B8H.3 SFRSYM    DATA     BIT       PT1
      000000D0H.4 SFRSYM    DATA     BIT       RS1
      000000B8H.5 SFRSYM    DATA     BIT       PT2
      00000088H.4 SFRSYM    DATA     BIT       TR0
      00000088H.6 SFRSYM    DATA     BIT       TR1
      000000C8H.2 SFRSYM    DATA     BIT       TR2
      000000B8H   SFRSYM    DATA     BIT       PX0
      00000080H   SFRSYM    DATA     BIT       LCD_RS
      000000B8H.2 SFRSYM    DATA     BIT       PX1
      00000083H   SFRSYM    DATA     BYTE      DPH
      00000082H   SFRSYM    DATA     BYTE      DPL
      000000C8H.3 SFRSYM    DATA     BIT       EXEN2
      00000098H.4 SFRSYM    DATA     BIT       REN
      000000C9H   SFRSYM    DATA     BYTE      T2MOD
      000000C8H   SFRSYM    DATA     BYTE      T2CON
      000000B0H   SFRSYM    DATA     BIT       RXD
      000000B0H.1 SFRSYM    DATA     BIT       TXD
LX51 LINKER/LOCATER V4.41                                                             02/05/2023  22:39:46  PAGE 14


      000000D0H.5 SFRSYM    DATA     BIT       F0
      000000D0H.1 SFRSYM    DATA     BIT       F1
      000000D0H   SFRSYM    DATA     BYTE      PSW

      01000B8BH   BLOCK     CODE     ---       LVL=0
      00000007H   SYMBOL    DATA     BYTE      b
      01000B8BH   LINE      CODE     ---       #54
      01000B8BH   LINE      CODE     ---       #55
      01000B8BH   LINE      CODE     ---       #56
      01000B8FH   LINE      CODE     ---       #57
      01000B94H   LINE      CODE     ---       #58
      01000B98H   LINE      CODE     ---       #59
      01000B9CH   LINE      CODE     ---       #60
      ---         BLOCKEND  ---      ---       LVL=0

      01000B5CH   BLOCK     CODE     ---       LVL=0
      ---         BLOCKEND  ---      ---       LVL=0

      01000B63H   BLOCK     CODE     ---       LVL=0
      00000007H   SYMBOL    DATA     BYTE      b
      01000B63H   LINE      CODE     ---       #65
      01000B63H   LINE      CODE     ---       #66
      01000B63H   LINE      CODE     ---       #67
      01000B68H   LINE      CODE     ---       #68
      01000B6CH   LINE      CODE     ---       #69
      01000B70H   LINE      CODE     ---       #70
      01000B73H   LINE      CODE     ---       #71
      ---         BLOCKEND  ---      ---       LVL=0

      01000BC9H   BLOCK     CODE     ---       LVL=0
      00000007H   SYMBOL    DATA     BYTE      t
      01000BC9H   LINE      CODE     ---       #76
      01000BC9H   LINE      CODE     ---       #77
      01000BC9H   LINE      CODE     ---       #78
      01000BCFH   LINE      CODE     ---       #79
      ---         BLOCKEND  ---      ---       LVL=0

      01000A00H   BLOCK     CODE     ---       LVL=0
      01000A00H   LINE      CODE     ---       #106
      01000A00H   LINE      CODE     ---       #107
      01000A00H   LINE      CODE     ---       #108
      01000A02H   LINE      CODE     ---       #109
      01000A04H   LINE      CODE     ---       #114
      01000A0BH   LINE      CODE     ---       #116
      01000A10H   LINE      CODE     ---       #117
      01000A12H   LINE      CODE     ---       #118
      01000A14H   LINE      CODE     ---       #119
      01000A1BH   LINE      CODE     ---       #121
      01000A20H   LINE      CODE     ---       #122
      01000A22H   LINE      CODE     ---       #123
      01000A24H   LINE      CODE     ---       #124
      01000A29H   LINE      CODE     ---       #126
      01000A2EH   LINE      CODE     ---       #127
      01000A30H   LINE      CODE     ---       #128
      01000A32H   LINE      CODE     ---       #132
      01000A39H   LINE      CODE     ---       #135
      01000A3EH   LINE      CODE     ---       #136
      01000A40H   LINE      CODE     ---       #137
      01000A42H   LINE      CODE     ---       #138
      01000A48H   LINE      CODE     ---       #140
      01000A4DH   LINE      CODE     ---       #141
      01000A52H   LINE      CODE     ---       #142
      01000A57H   LINE      CODE     ---       #143
      ---         BLOCKEND  ---      ---       LVL=0

LX51 LINKER/LOCATER V4.41                                                             02/05/2023  22:39:46  PAGE 15


      01000AFDH   BLOCK     CODE     ---       LVL=0
      00000006H   SYMBOL    DATA     BYTE      cmd
      01000AFDH   LINE      CODE     ---       #150
      01000AFFH   LINE      CODE     ---       #151
      01000AFFH   LINE      CODE     ---       #155
      01000B01H   LINE      CODE     ---       #156
      01000B01H   LINE      CODE     ---       #157
      01000B01H   LINE      CODE     ---       #158
      01000B01H   LINE      CODE     ---       #160
      01000B04H   LINE      CODE     ---       #161
      01000B06H   LINE      CODE     ---       #162
      01000B08H   LINE      CODE     ---       #167
      01000B10H   LINE      CODE     ---       #168
      01000B10H   LINE      CODE     ---       #169
      01000B10H   LINE      CODE     ---       #170
      01000B10H   LINE      CODE     ---       #171
      01000B17H   LINE      CODE     ---       #172
      01000B17H   LINE      CODE     ---       #173
      01000B17H   LINE      CODE     ---       #174
      01000B1CH   LINE      CODE     ---       #175
      01000B1CH   LINE      CODE     ---       #176
      01000B1CH   LINE      CODE     ---       #178
      ---         BLOCKEND  ---      ---       LVL=0

      01000BADH   BLOCK     CODE     ---       LVL=0
      00000006H   SYMBOL    DATA     BYTE      achar
      01000BADH   LINE      CODE     ---       #183
      01000BAFH   LINE      CODE     ---       #184
      01000BAFH   LINE      CODE     ---       #188
      01000BB1H   LINE      CODE     ---       #189
      01000BB1H   LINE      CODE     ---       #190
      01000BB1H   LINE      CODE     ---       #191
      01000BB1H   LINE      CODE     ---       #193
      01000BB4H   LINE      CODE     ---       #194
      01000BB6H   LINE      CODE     ---       #195
      01000BB8H   LINE      CODE     ---       #200
      ---         BLOCKEND  ---      ---       LVL=0

      01000B74H   BLOCK     CODE     ---       LVL=0
      00000007H   SYMBOL    DATA     BYTE      row
      00000005H   SYMBOL    DATA     BYTE      column
      00000013H   SYMBOL    DATA     BYTE      out_char
      01000B76H   BLOCK     CODE     NEAR LAB  LVL=1
      00000007H   SYMBOL    DATA     BYTE      add
      ---         BLOCKEND  ---      ---       LVL=1
      01000B74H   LINE      CODE     ---       #208
      01000B76H   LINE      CODE     ---       #210
      01000B76H   LINE      CODE     ---       #212
      01000B7FH   LINE      CODE     ---       #213
      01000B83H   LINE      CODE     ---       #214
      01000B86H   LINE      CODE     ---       #215
      ---         BLOCKEND  ---      ---       LVL=0

      01000B1DH   BLOCK     CODE     ---       LVL=0
      00000008H   SYMBOL    DATA     ---       str
      01000B23H   BLOCK     CODE     NEAR LAB  LVL=1
      00000005H   SYMBOL    DATA     BYTE      i
      ---         BLOCKEND  ---      ---       LVL=1
      01000B1DH   LINE      CODE     ---       #218
      01000B23H   LINE      CODE     ---       #219
      01000B23H   LINE      CODE     ---       #220
      01000B25H   LINE      CODE     ---       #221
      01000B36H   LINE      CODE     ---       #222
      01000B36H   LINE      CODE     ---       #223
      01000B39H   LINE      CODE     ---       #224
LX51 LINKER/LOCATER V4.41                                                             02/05/2023  22:39:46  PAGE 16


      01000B3AH   LINE      CODE     ---       #225
      01000B3CH   LINE      CODE     ---       #226
      ---         BLOCKEND  ---      ---       LVL=0

      01000B3DH   BLOCK     CODE     ---       LVL=0
      00000007H   SYMBOL    DATA     BYTE      row
      00000005H   SYMBOL    DATA     BYTE      column
      0000000BH   SYMBOL    DATA     ---       text
      01000B43H   BLOCK     CODE     NEAR LAB  LVL=1
      00000007H   SYMBOL    DATA     BYTE      add
      ---         BLOCKEND  ---      ---       LVL=1
      01000B3DH   LINE      CODE     ---       #233
      01000B43H   LINE      CODE     ---       #235
      01000B43H   LINE      CODE     ---       #237
      01000B4CH   LINE      CODE     ---       #238
      01000B50H   LINE      CODE     ---       #239
      01000B53H   LINE      CODE     ---       #240
      ---         BLOCKEND  ---      ---       LVL=0

      01000AB3H   BLOCK     CODE     ---       LVL=0
      00000007H   SYMBOL    DATA     BYTE      location
      0000000EH   SYMBOL    DATA     ---       lcd_char
      01000AB9H   BLOCK     CODE     NEAR LAB  LVL=1
      00000005H   SYMBOL    DATA     BYTE      i
      ---         BLOCKEND  ---      ---       LVL=1
      01000AB3H   LINE      CODE     ---       #257
      01000AB9H   LINE      CODE     ---       #258
      01000AB9H   LINE      CODE     ---       #260
      01000AC4H   LINE      CODE     ---       #261
      01000AC6H   LINE      CODE     ---       #262
      01000ADCH   LINE      CODE     ---       #263
      ---         BLOCKEND  ---      ---       LVL=0

      ---         MODULE    ---      ---       ?C?FPMUL
      01000800H   PUBLIC    CODE     ---       ?C?FPMUL

      ---         MODULE    ---      ---       ?C?FCAST
      01000910H   PUBLIC    CODE     ---       ?C?FCASTC
      0100090BH   PUBLIC    CODE     ---       ?C?FCASTI
      01000906H   PUBLIC    CODE     ---       ?C?FCASTL

      ---         MODULE    ---      ---       ?C?CASTF
      01000944H   PUBLIC    CODE     ---       ?C?CASTF

      ---         MODULE    ---      ---       ?C?FPGETOPN
      0100097BH   PUBLIC    CODE     ---       ?C?FPGETOPN2
      010009B0H   PUBLIC    CODE     ---       ?C?FPNANRESULT
      010009BAH   PUBLIC    CODE     ---       ?C?FPOVERFLOW
      01000992H   PUBLIC    CODE     ---       ?C?FPRESULT
      010009A6H   PUBLIC    CODE     ---       ?C?FPRESULT2
      010009B7H   PUBLIC    CODE     ---       ?C?FPUNDERFLOW

      ---         MODULE    ---      ---       ?C_STARTUP
      01000000H   PUBLIC    CODE     ---       ?C_STARTUP

      ---         MODULE    ---      ---       ?C?CLDOPTR
      010009C5H   PUBLIC    CODE     ---       ?C?CLDOPTR

      ---         MODULE    ---      ---       ?C?LNEG
      010009F2H   PUBLIC    CODE     ---       ?C?LNEG



*** WARNING L16: UNCALLED FUNCTION, IGNORED FOR OVERLAY PROCESS
    NAME:    _LCD_OUT/LCD4
LX51 LINKER/LOCATER V4.41                                                             02/05/2023  22:39:46  PAGE 17



*** WARNING L16: UNCALLED FUNCTION, IGNORED FOR OVERLAY PROCESS
    NAME:    _LCD_CUSTOM_CHR/LCD4

******************************************************************************
* RESTRICTED VERSION WITH 0800H BYTE CODE SIZE LIMIT; USED: 01C4H BYTE (22%) *
******************************************************************************

Program Size: data=21.0 xdata=0 const=0 code=979
LX51 RUN COMPLETE.  2 WARNING(S),  0 ERROR(S)
