C51 COMPILER V9.60.0.0   MAIN                                                              12/17/2022 17:18:26 PAGE 1   


C51 COMPILER V9.60.0.0, COMPILATION OF MODULE MAIN
OBJECT MODULE PLACED IN .\Objects\main.obj
COMPILER INVOKED BY: C:\Keil_v5\C51\BIN\C51.EXE main.c OPTIMIZE(8,SPEED) BROWSE DEBUG OBJECTEXTEND PRINT(.\Listings\main
                    -.lst) TABS(2) OBJECT(.\Objects\main.obj)

line level    source

   1          #include"main.h"
   2          #include"..\Lib\Delay.h"
   3          
   4          unsigned char code Code7seg[] = {0xC0, 0xF9, 0xA4, 0xB0, 0x99, 0x92, 0x82, 0xF8, 0x80, 0x90};
   5          sbit pnp = P2^0;
   6          sbit button = P1^0;
   7          
   8          #define led P0
   9          
  10          void main()
  11          {
  12   1        unsigned char i ;
  13   1        while(1)
  14   1        {
  15   2          if(button == 0)
  16   2          {
  17   3            delay(20);
  18   3            if(button == 0)
  19   3            {
  20   4              for(i = 0; i < 10; i++)
  21   4              {
  22   5                led = Code7seg[i];
  23   5                delay(500);
  24   5              }
  25   4              pnp = 0;
  26   4            }
  27   3          }
  28   2        }
  29   1      }


MODULE INFORMATION:   STATIC OVERLAYABLE
   CODE SIZE        =     50    ----
   CONSTANT SIZE    =     10    ----
   XDATA SIZE       =   ----    ----
   PDATA SIZE       =   ----    ----
   DATA SIZE        =   ----       1
   IDATA SIZE       =   ----    ----
   BIT SIZE         =   ----    ----
END OF MODULE INFORMATION.


C51 COMPILATION COMPLETE.  0 WARNING(S),  0 ERROR(S)
